Microchip MPLAB XC8 Compiler V2.46

Linker command line:

-W-3 \
  --edf=C:\Program Files\Microchip\xc8\v2.46\pic\dat\20240104201356_en.msgs \
  -cn -h+dist/default/production\LCD_PIC18F46K22.X.production.sym \
  --cmf=dist/default/production\LCD_PIC18F46K22.X.production.cmf -z \
  -Q18F46K22 -oC:\Users\aleja\AppData\Local\Temp\xcAscqo.\driver_tmp_3.o \
  --defsym=__MPLAB_BUILD=1 --fixupoverflow=error \
  -Mdist/default/production/LCD_PIC18F46K22.X.production.map \
  --md=C:\Users\aleja\AppData\Local\Temp\xcAscqo.\driver_tmp_0.dat -E1 \
  -ver=XC8 Compiler --acfsm=1493 -ACODE=00h-0FFFFh -ACONST=00h-0FFFFh \
  -ASMALLCONST=01000h-010FFhx240 -AMEDIUMCONST=01000h-0FFFFh \
  -ACOMRAM=01h-05Fh -AABS1=00h-0F37h -ABIGRAM=01h-0F37h \
  -ARAM=060h-0FFh,0100h-01FFhx14,0F00h-0F37h -ABANK0=060h-0FFh \
  -ABANK1=0100h-01FFh -ABANK2=0200h-02FFh -ABANK3=0300h-03FFh \
  -ABANK4=0400h-04FFh -ABANK5=0500h-05FFh -ABANK6=0600h-06FFh \
  -ABANK7=0700h-07FFh -ABANK8=0800h-08FFh -ABANK9=0900h-09FFh \
  -ABANK10=0A00h-0AFFh -ABANK11=0B00h-0BFFh -ABANK12=0C00h-0CFFh \
  -ABANK13=0D00h-0DFFh -ABANK14=0E00h-0EFFh -ABANK15=0F00h-0F37h \
  -ASFR=0F38h-0F5Fh,0F60h-0FFFh -ABIGSFR=0F38h-0FFFh \
  -ACONFIG=0300000h-030000Dh -AIDLOC=0200000h-0200007h \
  -AEEDATA=0F00000h-0F003FFh -peeprom_data=EEDATA \
  -preset_vec=00h,intcode,sivt_hi,intcodelo,sivt_lo,powerup,init \
  -pramtop=01000h -psmallconst=SMALLCONST -pmediumconst=MEDIUMCONST \
  -pconst=CONST -AFARRAM=00h-00h \
  -prdata=COMRAM,nvrram=COMRAM,nvbit=COMRAM,rbss=COMRAM,rbit=COMRAM \
  -pfarbss=FARRAM,fardata=FARRAM,nvFARRAM=FARRAM \
  -pintsave_regs=BIGRAM,bigbss=BIGRAM,bigdata=BIGRAM -pbss=RAM \
  -pidata=CODE,irdata=CODE,ibigdata=CODE,ifardata=CODE -prparam=COMRAM \
  C:\Users\aleja\AppData\Local\Temp\xcAscqo.\driver_tmp_9.o \
  dist/default/production\LCD_PIC18F46K22.X.production.o 

Object code version is 3.11

Machine type is 18F46K22



                Name                               Link     Load   Length Selector   Space Scale
C:\Users\aleja\AppData\Local\Temp\xcAscqo.\driver_tmp_9.o
                config                           300000   300000        E        0       4
                init                                  0        0        4        0       0
dist/default/production\LCD_PIC18F46K22.X.production.o
                config                           300000   300000        E        0       4
                smallconst                         1000     1000        2      800       0
                text6                              12D2     12D2       20      801       0
                text5                              1268     1268       3C      801       0
                text4                              1310     1310       1C      801       0
                text3                              1144     1144       92      801       0
                text2                              12A4     12A4       2E      801       0
                text1                              1002     1002      142      801       0
                text0                              132C     132C       14      801       0
                cstackCOMRAM                         4D       4D        E        1       1
                dataBANK0                            60       60       1E       60       1
                dataCOMRAM                            1        1       4C        1       1
                cinit                              1222     1222       46      801       0
                idataBANK0                         12F2     12F2       1E      801       0
                idataCOMRAM                        11D6     11D6       4C      801       0

TOTAL           Name                               Link     Load   Length     Space
        CLASS   CODE           
                init                                  0        0        4         0
                text6                              12D2     12D2       20         0
                text5                              1268     1268       3C         0
                text4                              1310     1310       1C         0
                text3                              1144     1144       92         0
                text2                              12A4     12A4       2E         0
                text1                              1002     1002      142         0
                text0                              132C     132C       14         0
                cinit                              1222     1222       46         0
                idataBANK0                         12F2     12F2       1E         0
                idataCOMRAM                        11D6     11D6       4C         0

        CLASS   CONST          

        CLASS   SMALLCONST     
                smallconst                         1000     1000        2         0

        CLASS   MEDIUMCONST    

        CLASS   COMRAM         
                cstackCOMRAM                         4D       4D        E         1
                dataCOMRAM                            1        1       4C         1

        CLASS   ABS1           

        CLASS   BIGRAM         

        CLASS   RAM            

        CLASS   BANK0          
                dataBANK0                            60       60       1E         1

        CLASS   BANK1          

        CLASS   BANK2          

        CLASS   BANK3          

        CLASS   BANK4          

        CLASS   BANK5          

        CLASS   BANK6          

        CLASS   BANK7          

        CLASS   BANK8          

        CLASS   BANK9          

        CLASS   BANK10         

        CLASS   BANK11         

        CLASS   BANK12         

        CLASS   BANK13         

        CLASS   BANK14         

        CLASS   BANK15         

        CLASS   SFR            

        CLASS   BIGSFR         

        CLASS   CONFIG         
                config                           300000   300000        E         4

        CLASS   IDLOC          

        CLASS   EEDATA         

        CLASS   FARRAM         

        CLASS   HEAP           

        CLASS   STACK          



SEGMENTS        Name                           Load    Length   Top    Selector   Space  Class

                reset_vec                      000000  000004  000004         0       0  CODE    
                dataCOMRAM                     000001  00005A  00005B         1       1  COMRAM  
                dataBANK0                      000060  00001E  00007E        60       1  BANK0   
                smallconst                     001000  000002  001002       800       0  SMALLCON
                text1                          001002  00033E  001340       801       0  CODE    


UNUSED ADDRESS RANGES

        Name                Unused          Largest block    Delta
        BANK0            00007E-0000FF               82
        BANK1            000100-0001FF              100
        BANK10           000A00-000AFF              100
        BANK11           000B00-000BFF              100
        BANK12           000C00-000CFF              100
        BANK13           000D00-000DFF              100
        BANK14           000E00-000EFF              100
        BANK15           000F00-000F37               38
        BANK2            000200-0002FF              100
        BANK3            000300-0003FF              100
        BANK4            000400-0004FF              100
        BANK5            000500-0005FF              100
        BANK6            000600-0006FF              100
        BANK7            000700-0007FF              100
        BANK8            000800-0008FF              100
        BANK9            000900-0009FF              100
        BIGRAM           00005B-00005F                5
                         00007E-000F37              EBA
        BIGSFR           000F38-000FFF               C8
        CODE             000004-000FFF              FFC
                         001340-00FFFF             ECC0
        COMRAM           00005B-00005F                5
        CONST            000004-000FFF              FFC
                         001340-00FFFF             ECC0
        EEDATA           F00000-F003FF              400
        IDLOC            200000-200007                8
        MEDIUMCONST      001340-00FFFF             ECC0
        RAM              00007E-000F37              100
        SFR              000F38-000FFF               28
        SMALLCONST       001340-00FFFF              100

                                  Symbol Table

?_strlen                          cstackCOMRAM 00004D
LCD_Instruction@Instruction       cstackCOMRAM 00004E
Send_Instruction_Data@Data        cstackCOMRAM 00004F
Send_Instruction_Data@Instruction cstackCOMRAM 000050
Test@i                            cstackCOMRAM 000053
Test@i_203                        cstackCOMRAM 000055
Test@i_204                        cstackCOMRAM 000057
Test@j                            cstackCOMRAM 000059
_ANSELCbits                       (abs)        000F3A
_ANSELD                           (abs)        000F3B
_Configurations                   text6        0012D2
_Init_LCD                         text3        001144
_LATC                             (abs)        000F8B
_LATCbits                         (abs)        000F8B
_LATD                             (abs)        000F8C
_LCD_Instruction                  text5        001268
_OSCCON                           (abs)        000FD3
_Send_Instruction_Data            text4        001310
_TRISCbits                        (abs)        000F94
_TRISD                            (abs)        000F95
_Test                             text1        001002
_Text1                            dataCOMRAM   000039
_Text2                            dataCOMRAM   00001F
_Text3                            dataCOMRAM   000001
_Text4                            dataBANK0    000060
__HRAM                            (abs)        000000
__H__absolute__                   __absolute__ 000000
__Habs1                           abs1         000000
__Hbank0                          bank0        000000
__Hbank1                          bank1        000000
__Hbank10                         bank10       000000
__Hbank11                         bank11       000000
__Hbank12                         bank12       000000
__Hbank13                         bank13       000000
__Hbank14                         bank14       000000
__Hbank15                         bank15       000000
__Hbank2                          bank2        000000
__Hbank3                          bank3        000000
__Hbank4                          bank4        000000
__Hbank5                          bank5        000000
__Hbank6                          bank6        000000
__Hbank7                          bank7        000000
__Hbank8                          bank8        000000
__Hbank9                          bank9        000000
__Hbigbss                         bigbss       000000
__Hbigdata                        bigdata      000000
__Hbigram                         bigram       000000
__Hbigsfr                         bigsfr       000000
__Hbss                            bss          000000
__Hcinit                          cinit        000000
__Hclrtext                        clrtext      000000
__Hcomram                         comram       000000
__Hconfig                         config       30000E
__Hconst                          const        000000
__HcstackCOMRAM                   cstackCOMRAM 000000
__Hdata                           data         000000
__HdataBANK0                      dataBANK0    000000
__HdataCOMRAM                     dataCOMRAM   000000
__Heeprom_data                    eeprom_data  000000
__Hfarbss                         farbss       000000
__Hfardata                        fardata      000000
__Hheap                           heap         000000
__Hibigdata                       ibigdata     000000
__Hidata                          idata        000000
__HidataBANK0                     idataBANK0   000000
__HidataCOMRAM                    idataCOMRAM  000000
__Hidloc                          idloc        000000
__Hifardata                       ifardata     000000
__Hinit                           init         000004
__Hintcode                        intcode      000000
__Hintcode_body                   intcode_body 000000
__Hintcodelo                      intcodelo    000000
__Hintentry                       intentry     000000
__Hintret                         intret       000000
__Hintsave_regs                   intsave_regs 000000
__Hirdata                         irdata       000000
__Hmediumconst                    mediumconst  000000
__HnvFARRAM                       nvFARRAM     000000
__Hnvbit                          nvbit        000000
__Hnvrram                         nvrram       000000
__Hparam                          rparam       000000
__Hpowerup                        powerup      000000
__Hram                            ram          000000
__Hramtop                         ramtop       001000
__Hrbit                           rbit         000000
__Hrbss                           rbss         000000
__Hrdata                          rdata        000000
__Hreset_vec                      reset_vec    000000
__Hrparam                         rparam       000000
__Hsfr                            sfr          000000
__Hsivt_hi                        sivt_hi      000000
__Hsivt_lo                        sivt_lo      000000
__Hsmallconst                     smallconst   001002
__Hspace_0                        (abs)        001340
__Hspace_1                        (abs)        00007E
__Hspace_2                        (abs)        000000
__Hspace_4                        (abs)        60000E
__Hstack                          stack        000000
__Hstruct                         struct       000000
__Htemp                           temp         000000
__Htext                           text         000000
__Htext0                          text0        000000
__Htext1                          text1        000000
__Htext2                          text2        000000
__Htext3                          text3        000000
__Htext4                          text4        000000
__Htext5                          text5        000000
__Htext6                          text6        000000
__LRAM                            (abs)        000001
__L__absolute__                   __absolute__ 000000
__Labs1                           abs1         000000
__Lbank0                          bank0        000000
__Lbank1                          bank1        000000
__Lbank10                         bank10       000000
__Lbank11                         bank11       000000
__Lbank12                         bank12       000000
__Lbank13                         bank13       000000
__Lbank14                         bank14       000000
__Lbank15                         bank15       000000
__Lbank2                          bank2        000000
__Lbank3                          bank3        000000
__Lbank4                          bank4        000000
__Lbank5                          bank5        000000
__Lbank6                          bank6        000000
__Lbank7                          bank7        000000
__Lbank8                          bank8        000000
__Lbank9                          bank9        000000
__Lbigbss                         bigbss       000000
__Lbigdata                        bigdata      000000
__Lbigram                         bigram       000000
__Lbigsfr                         bigsfr       000000
__Lbss                            bss          000000
__Lcinit                          cinit        000000
__Lclrtext                        clrtext      000000
__Lcomram                         comram       000000
__Lconfig                         config       000000
__Lconst                          const        000000
__LcstackCOMRAM                   cstackCOMRAM 000000
__Ldata                           data         000000
__LdataBANK0                      dataBANK0    000000
__LdataCOMRAM                     dataCOMRAM   000000
__Leeprom_data                    eeprom_data  000000
__Lfarbss                         farbss       000000
__Lfardata                        fardata      000000
__Lheap                           heap         000000
__Libigdata                       ibigdata     000000
__Lidata                          idata        000000
__LidataBANK0                     idataBANK0   000000
__LidataCOMRAM                    idataCOMRAM  000000
__Lidloc                          idloc        000000
__Lifardata                       ifardata     000000
__Linit                           init         000000
__Lintcode                        intcode      000000
__Lintcode_body                   intcode_body 000000
__Lintcodelo                      intcodelo    000000
__Lintentry                       intentry     000000
__Lintret                         intret       000000
__Lintsave_regs                   intsave_regs 000000
__Lirdata                         irdata       000000
__Lmediumconst                    mediumconst  000000
__LnvFARRAM                       nvFARRAM     000000
__Lnvbit                          nvbit        000000
__Lnvrram                         nvrram       000000
__Lparam                          rparam       000000
__Lpowerup                        powerup      000000
__Lram                            ram          000000
__Lramtop                         ramtop       001000
__Lrbit                           rbit         000000
__Lrbss                           rbss         000000
__Lrdata                          rdata        000000
__Lreset_vec                      reset_vec    000000
__Lrparam                         rparam       000000
__Lsfr                            sfr          000000
__Lsivt_hi                        sivt_hi      000000
__Lsivt_lo                        sivt_lo      000000
__Lsmallconst                     smallconst   001000
__Lspace_0                        (abs)        000000
__Lspace_1                        (abs)        000000
__Lspace_2                        (abs)        000000
__Lspace_4                        (abs)        000000
__Lstack                          stack        000000
__Lstruct                         struct       000000
__Ltemp                           temp         000000
__Ltext                           text         000000
__Ltext0                          text0        000000
__Ltext1                          text1        000000
__Ltext2                          text2        000000
__Ltext3                          text3        000000
__Ltext4                          text4        000000
__Ltext5                          text5        000000
__Ltext6                          text6        000000
__S0                              (abs)        001340
__S1                              (abs)        00007E
__S4                              (abs)        000000
__S5                              (abs)        000000
___heap_hi                        (abs)        000000
___heap_lo                        (abs)        000000
___inthi_sp                       stack        000000
___inthi_stack_hi                 stack        000000
___inthi_stack_lo                 stack        000000
___intlo_sp                       stack        000000
___intlo_stack_hi                 stack        000000
___intlo_stack_lo                 stack        000000
___param_bank                     (abs)        000000
___rparam_used                    (abs)        000001
___sp                             stack        000000
___stack_hi                       stack        000000
___stack_lo                       stack        000000
__accesstop                       (abs)        000060
__activetblptr                    (abs)        000000
__end_of_Configurations           text6        0012F2
__end_of_Init_LCD                 text3        0011D6
__end_of_LCD_Instruction          text5        0012A4
__end_of_Send_Instruction_Data    text4        00132C
__end_of_Test                     text1        001144
__end_of__initialization          cinit        001262
__end_of_main                     text0        001340
__end_of_strlen                   text2        0012D2
__initialization                  cinit        001222
__mediumconst                     mediumconst  000000
__pcinit                          cinit        001222
__pcstackCOMRAM                   cstackCOMRAM 00004D
__pdataBANK0                      dataBANK0    000060
__pdataCOMRAM                     dataCOMRAM   000001
__pidataBANK0                     idataBANK0   0012F2
__pidataCOMRAM                    idataCOMRAM  0011D6
__psmallconst                     smallconst   001000
__ptext0                          text0        00132C
__ptext1                          text1        001002
__ptext2                          text2        0012A4
__ptext3                          text3        001144
__ptext4                          text4        001310
__ptext5                          text5        001268
__ptext6                          text6        0012D2
__ramtop                          ramtop       001000
__smallconst                      smallconst   001000
_main                             text0        00132C
_strlen                           text2        0012A4
end_of_initialization             cinit        001262
intlevel0                         text         000000
intlevel1                         text         000000
intlevel2                         text         000000
intlevel3                         text         000000
isa$std                           (abs)        000001
isa$xinst                         (abs)        000000
stackhi                           (abs)        000000
stacklo                           (abs)        000000
start                             init         000000
start_initialization              cinit        001222
strlen@a                          cstackCOMRAM 00004F
strlen@s                          cstackCOMRAM 00004D


MODULE INFORMATION

Module		Function		Class		Link	Load	Size
C:\Program Files\Microchip\xc8\v2.46\pic\sources\c99\common\strlen.c
		_strlen        		CODE           	12A4	0000	46

C:\Program Files\Microchip\xc8\v2.46\pic\sources\c99\common\strlen.c estimated size: 46

shared
		__initialization		CODE           	1222	0000	64

shared estimated size: 64

main.c
		_Test          		CODE           	1002	0000	322
		_Send_Instruction_Data		CODE           	1310	0000	28
		_Init_LCD      		CODE           	1144	0000	146
		_main          		CODE           	132C	0000	20
		_LCD_Instruction		CODE           	1268	0000	60
		_Configurations		CODE           	12D2	0000	32

main.c estimated size: 608

