Microchip MPLAB XC8 Compiler V2.46

Linker command line:

-W-3 \
  --edf=C:\Program Files\Microchip\xc8\v2.46\pic\dat\20240104201356_en.msgs \
  -cn -h+dist/default/production\Platform_Project.X.production.sym \
  --cmf=dist/default/production\Platform_Project.X.production.cmf -z -w9 \
  --disl=596:off --norlf -Q18F46K22 \
  -oC:\Users\aleja\AppData\Local\Temp\xcAsbq8.\driver_tmp_3.o \
  --defsym=__MPLAB_BUILD=1 \
  -Mdist/default/production/Platform_Project.X.production.map \
  --md=C:\Users\aleja\AppData\Local\Temp\xcAsbq8.\driver_tmp_0.dat -E1 \
  -ver=XC8 Compiler --acfsm=1493 -ACODE=00h-0FFFFh -ACONST=00h-0FFFFh \
  -ASMALLCONST=01000h-010FFhx240 -AMEDIUMCONST=01000h-0FFFFh \
  -ACOMRAM=01h-05Fh -AABS1=00h-0F37h -ABIGRAM=01h-0F37h \
  -ARAM=060h-0FFh,0100h-01FFhx14,0F00h-0F37h -ABANK0=060h-0FFh \
  -ABANK1=0100h-01FFh -ABANK2=0200h-02FFh -ABANK3=0300h-03FFh \
  -ABANK4=0400h-04FFh -ABANK5=0500h-05FFh -ABANK6=0600h-06FFh \
  -ABANK7=0700h-07FFh -ABANK8=0800h-08FFh -ABANK9=0900h-09FFh \
  -ABANK10=0A00h-0AFFh -ABANK11=0B00h-0BFFh -ABANK12=0C00h-0CFFh \
  -ABANK13=0D00h-0DFFh -ABANK14=0E00h-0EFFh -ABANK15=0F00h-0F37h \
  -ASFR=0F38h-0F5Fh,0F60h-0FFFh -ABIGSFR=0F38h-0FFFh \
  -ACONFIG=0300000h-030000Dh -AIDLOC=0200000h-0200007h \
  -AEEDATA=0F00000h-0F003FFh -peeprom_data=EEDATA \
  -preset_vec=00h,intcode,sivt_hi,intcodelo,sivt_lo,powerup,init \
  -pramtop=01000h -psmallconst=SMALLCONST -pmediumconst=MEDIUMCONST \
  -pconst=CONST -AFARRAM=00h-00h \
  -prdata=COMRAM,nvrram=COMRAM,nvbit=COMRAM,rbss=COMRAM,rbit=COMRAM \
  -pfarbss=FARRAM,fardata=FARRAM,nvFARRAM=FARRAM \
  -pintsave_regs=BIGRAM,bigbss=BIGRAM,bigdata=BIGRAM -pbss=RAM \
  -pidata=CODE,irdata=CODE,ibigdata=CODE,ifardata=CODE \
  C:\Users\aleja\AppData\Local\Temp\xcAsbq8.\driver_tmp_9.o \
  dist/default/production\Platform_Project.X.production.o 

Object code version is 3.11

Machine type is 18F46K22



                Name                               Link     Load   Length Selector   Space Scale
C:\Users\aleja\AppData\Local\Temp\xcAsbq8.\driver_tmp_9.o
                config                           300000   300000        E        0       4
                init                                 14       14        4        0       0
dist/default/production\Platform_Project.X.production.o
                intcodelo                             6        6        E        0       0
                intcode                               0        0        6        0       0
                config                           300000   300000        E        0       4
                temp                                  4        4        1        1       1
                smallconst                         1000     1000       24      800       0
                text5                              10F6     10F6        C      812       0
                text4                              1084     1084       3C      812       0
                intcode_body                       10C0     10C0       16      812       0
                text1                              1024     1024       60      812       0
                text0                              10E6     10E6       10      812       0
                cstackCOMRAM                          1        1        2        1       1
                bssCOMRAM                             3        3        1        1       1
                cinit                              10D6     10D6       10      812       0

TOTAL           Name                               Link     Load   Length     Space
        CLASS   CODE           
                intcodelo                             6        6        E         0
                intcode                               0        0        6         0
                init                                 14       14        4         0
                text5                              10F6     10F6        C         0
                text4                              1084     1084       3C         0
                intcode_body                       10C0     10C0       16         0
                text1                              1024     1024       60         0
                text0                              10E6     10E6       10         0
                cinit                              10D6     10D6       10         0

        CLASS   CONST          

        CLASS   SMALLCONST     
                smallconst                         1000     1000       24         0

        CLASS   MEDIUMCONST    

        CLASS   COMRAM         
                temp                                  4        4        1         1
                cstackCOMRAM                          1        1        2         1
                bssCOMRAM                             3        3        1         1

        CLASS   ABS1           

        CLASS   BIGRAM         

        CLASS   RAM            

        CLASS   BANK0          

        CLASS   BANK1          

        CLASS   BANK2          

        CLASS   BANK3          

        CLASS   BANK4          

        CLASS   BANK5          

        CLASS   BANK6          

        CLASS   BANK7          

        CLASS   BANK8          

        CLASS   BANK9          

        CLASS   BANK10         

        CLASS   BANK11         

        CLASS   BANK12         

        CLASS   BANK13         

        CLASS   BANK14         

        CLASS   BANK15         

        CLASS   SFR            

        CLASS   BIGSFR         

        CLASS   CONFIG         
                config                           300000   300000        E         4

        CLASS   IDLOC          

        CLASS   EEDATA         

        CLASS   FARRAM         

        CLASS   HEAP           

        CLASS   STACK          



SEGMENTS        Name                           Load    Length   Top    Selector   Space  Class

                reset_vec                      000000  000018  000018         0       0  CODE    
                cstackCOMRAM                   000001  000004  000005         1       1  COMRAM  
                smallconst                     001000  000024  001024       800       0  SMALLCON
                text1                          001024  0000DE  001102       812       0  CODE    


UNUSED ADDRESS RANGES

        Name                Unused          Largest block    Delta
        BANK0            000060-0000FF               A0
        BANK1            000100-0001FF              100
        BANK10           000A00-000AFF              100
        BANK11           000B00-000BFF              100
        BANK12           000C00-000CFF              100
        BANK13           000D00-000DFF              100
        BANK14           000E00-000EFF              100
        BANK15           000F00-000F37               38
        BANK2            000200-0002FF              100
        BANK3            000300-0003FF              100
        BANK4            000400-0004FF              100
        BANK5            000500-0005FF              100
        BANK6            000600-0006FF              100
        BANK7            000700-0007FF              100
        BANK8            000800-0008FF              100
        BANK9            000900-0009FF              100
        BIGRAM           000005-000F37              F33
        BIGSFR           000F38-000FFF               C8
        CODE             000018-000FFF              FE8
                         001102-00FFFF             EEFE
        COMRAM           000005-00005F               5B
        CONST            000018-000FFF              FE8
                         001102-00FFFF             EEFE
        EEDATA           F00000-F003FF              400
        IDLOC            200000-200007                8
        MEDIUMCONST      001102-00FFFF             EEFE
        RAM              000060-000F37              100
        SFR              000F38-000FFF               28
        SMALLCONST       001102-00FFFF              100

                                  Symbol Table

_Init_LCD                                     
_Interrupt_Rx              intcode      000000
__HRAM                     (abs)        000000
__H__absolute__            __absolute__ 000000
__Habs1                    abs1         000000
__Hbank0                   bank0        000000
__Hbank1                   bank1        000000
__Hbank10                  bank10       000000
__Hbank11                  bank11       000000
__Hbank12                  bank12       000000
__Hbank13                  bank13       000000
__Hbank14                  bank14       000000
__Hbank15                  bank15       000000
__Hbank2                   bank2        000000
__Hbank3                   bank3        000000
__Hbank4                   bank4        000000
__Hbank5                   bank5        000000
__Hbank6                   bank6        000000
__Hbank7                   bank7        000000
__Hbank8                   bank8        000000
__Hbank9                   bank9        000000
__Hbigbss                  bigbss       000000
__Hbigdata                 bigdata      000000
__Hbigram                  bigram       000000
__Hbigsfr                  bigsfr       000000
__Hbss                     bss          000000
__HbssCOMRAM               bssCOMRAM    000000
__Hcinit                   cinit        000000
__Hclrtext                 clrtext      000000
__Hcomram                  comram       000000
__Hconst                   const        000000
__HcstackCOMRAM            cstackCOMRAM 000000
__Hdata                    data         000000
__Heeprom_data             eeprom_data  000000
__Hfarbss                  farbss       000000
__Hfardata                 fardata      000000
__Hheap                    heap         000000
__Hibigdata                ibigdata     000000
__Hidata                   idata        000000
__Hidloc                   idloc        000000
__Hifardata                ifardata     000000
__Hintcode_body            intcode_body 000000
__Hintentry                intentry     000000
__Hintret                  intret       000000
__Hintsave_regs            intsave_regs 000000
__Hirdata                  irdata       000000
__Hmediumconst             mediumconst  000000
__HnvFARRAM                nvFARRAM     000000
__Hnvbit                   nvbit        000000
__Hnvrram                  nvrram       000000
__Hparam                   rparam       000000
__Hram                     ram          000000
__Hrbit                    rbit         000000
__Hrbss                    rbss         000000
__Hrdata                   rdata        000000
__Hreset_vec               reset_vec    000000
__Hrparam                  rparam       000000
__Hsfr                     sfr          000000
__Hspace_2                 (abs)        000000
__Hstack                   stack        000000
__Hstruct                  struct       000000
__Htext                    text         000000
__Htext0                   text0        000000
__Htext1                   text1        000000
__Htext4                   text4        000000
__Htext5                   text5        000000
__L__absolute__            __absolute__ 000000
__Labs1                    abs1         000000
__Lbank0                   bank0        000000
__Lbank1                   bank1        000000
__Lbank10                  bank10       000000
__Lbank11                  bank11       000000
__Lbank12                  bank12       000000
__Lbank13                  bank13       000000
__Lbank14                  bank14       000000
__Lbank15                  bank15       000000
__Lbank2                   bank2        000000
__Lbank3                   bank3        000000
__Lbank4                   bank4        000000
__Lbank5                   bank5        000000
__Lbank6                   bank6        000000
__Lbank7                   bank7        000000
__Lbank8                   bank8        000000
__Lbank9                   bank9        000000
__Lbigbss                  bigbss       000000
__Lbigdata                 bigdata      000000
__Lbigram                  bigram       000000
__Lbigsfr                  bigsfr       000000
__Lbss                     bss          000000
__LbssCOMRAM               bssCOMRAM    000000
__Lcinit                   cinit        000000
__Lclrtext                 clrtext      000000
__Lcomram                  comram       000000
__Lconfig                  config       000000
__Lconst                   const        000000
__LcstackCOMRAM            cstackCOMRAM 000000
__Ldata                    data         000000
__Leeprom_data             eeprom_data  000000
__Lfarbss                  farbss       000000
__Lfardata                 fardata      000000
__Lheap                    heap         000000
__Libigdata                ibigdata     000000
__Lidata                   idata        000000
__Lidloc                   idloc        000000
__Lifardata                ifardata     000000
__Lintcode                 intcode      000000
__Lintcode_body            intcode_body 000000
__Lintentry                intentry     000000
__Lintret                  intret       000000
__Lintsave_regs            intsave_regs 000000
__Lirdata                  irdata       000000
__Lmediumconst             mediumconst  000000
__LnvFARRAM                nvFARRAM     000000
__Lnvbit                   nvbit        000000
__Lnvrram                  nvrram       000000
__Lparam                   rparam       000000
__Lram                     ram          000000
__Lrbit                    rbit         000000
__Lrbss                    rbss         000000
__Lrdata                   rdata        000000
__Lreset_vec               reset_vec    000000
__Lrparam                  rparam       000000
__Lsfr                     sfr          000000
__Lspace_0                 (abs)        000000
__Lspace_1                 (abs)        000000
__Lspace_2                 (abs)        000000
__Lspace_4                 (abs)        000000
__Lstack                   stack        000000
__Lstruct                  struct       000000
__Ltext                    text         000000
__Ltext0                   text0        000000
__Ltext1                   text1        000000
__Ltext4                   text4        000000
__Ltext5                   text5        000000
__S4                       (abs)        000000
__S5                       (abs)        000000
___heap_hi                 (abs)        000000
___heap_lo                 (abs)        000000
___inthi_sp                stack        000000
___inthi_stack_hi          stack        000000
___inthi_stack_lo          stack        000000
___intlo_sp                stack        000000
___intlo_stack_hi          stack        000000
___intlo_stack_lo          stack        000000
___param_bank              (abs)        000000
___sp                      stack        000000
___stack_hi                stack        000000
___stack_lo                stack        000000
__mediumconst              mediumconst  000000
__pintcode                 intcode      000000
Moving_Platform@Command    cstackCOMRAM 000001
__LRAM                     (abs)        000001
___rparam_used             (abs)        000001
__pcstackCOMRAM            cstackCOMRAM 000001
__activetblptr             (abs)        000002
_Rx_Buffer                 bssCOMRAM    000003
__pbssCOMRAM               bssCOMRAM    000003
__Ltemp                    temp         000004
btemp                      temp         000004
__Hspace_1                 (abs)        000005
__Htemp                    temp         000005
__S1                       (abs)        000005
_Interrupt                 intcodelo    000006
__Hintcode                 intcode      000006
__Hsivt_hi                 sivt_hi      000006
__Lintcodelo               intcodelo    000006
__Lsivt_hi                 sivt_hi      000006
__pintcodelo               intcodelo    000006
__Hintcodelo               intcodelo    000014
__Hpowerup                 powerup      000014
__Hsivt_lo                 sivt_lo      000014
__Linit                    init         000014
__Lpowerup                 powerup      000014
__Lsivt_lo                 sivt_lo      000014
__end_of_Interrupt         intcodelo    000014
__Hinit                    init         000018
__accesstop                (abs)        000060
_ANSELC                    (abs)        000F3A
_ANSELD                    (abs)        000F3B
_ANSELE                    (abs)        000F3C
_CCP3CON                   (abs)        000F5D
_CCPR3L                    (abs)        000F5E
_LATCbits                  (abs)        000F8B
_LATD                      (abs)        000F8C
_LATE                      (abs)        000F8D
_LATEbits                  (abs)        000F8D
_TRISCbits                 (abs)        000F94
_TRISD                     (abs)        000F95
_TRISE                     (abs)        000F96
_PIE1bits                  (abs)        000F9D
_PIR1bits                  (abs)        000F9E
_RCSTAbits                 (abs)        000FAB
_TXSTA1bits                (abs)        000FAC
_RCREG1                    (abs)        000FAE
_SPBRG                     (abs)        000FAF
_BAUDCON1bits              (abs)        000FB8
_T2CON                     (abs)        000FBA
_T2CONbits                 (abs)        000FBA
_PR2                       (abs)        000FBB
_RCONbits                  (abs)        000FD0
_OSCCON                    (abs)        000FD3
_INTCONbits                (abs)        000FF2
__Hramtop                  ramtop       001000
__Lramtop                  ramtop       001000
__Lsmallconst              smallconst   001000
__psmallconst              smallconst   001000
__ramtop                   ramtop       001000
__smallconst               smallconst   001000
_Configurations            text1        001024
__Hsmallconst              smallconst   001024
__ptext1                   text1        001024
_Receive_Interrupt         text4        001084
__end_of_Configurations    text1        001084
__ptext4                   text4        001084
__end_of_Receive_Interrupt text4        0010C0
__pintcode_body            intcode_body 0010C0
__end_of_Interrupt_Rx      intcode_body 0010D6
__initialization           cinit        0010D6
__pcinit                   cinit        0010D6
__end_of__initialization   cinit        0010D8
__ptext0                   text0        0010E6
_main                      text0        0010E6
_Moving_Platform           text5        0010F6
__end_of_main              text0        0010F6
__ptext5                   text5        0010F6
__Hspace_0                 (abs)        001102
__S0                       (abs)        001102
__end_of_Moving_Platform   text5        001102
__Hconfig                  config       30000E
__Hspace_4                 (abs)        60000E
int$flags                  temp         000004
intlevel0                  text         000000
intlevel1                  text         000000
intlevel2                  text         000000
intlevel3                  text         000000
isa$xinst                  (abs)        000000
isa$std                    (abs)        000001
stackhi                    (abs)        000000
stacklo                    (abs)        000000
ttemp5                     temp         000005
wtemp8                     temp         000005
ttemp6                     temp         000008
ttemp7                     temp         00000C
start                      init         000014
int_func                   intcode_body 0010C0
start_initialization       cinit        0010D6
end_of_initialization      cinit        0010D8
