Microchip MPLAB XC8 Compiler V2.46

Linker command line:

-W-3 \
  --edf=C:\Program Files\Microchip\xc8\v2.46\pic\dat\20240104201356_en.msgs \
  -cn -h+dist/default/production\Platform_Project.X.production.sym \
  --cmf=dist/default/production\Platform_Project.X.production.cmf -z \
  -Q18F46K22 -oC:\Users\aleja\AppData\Local\Temp\xcAsfss.\driver_tmp_3.o \
  --defsym=__MPLAB_BUILD=1 --fixupoverflow=error \
  -Mdist/default/production/Platform_Project.X.production.map \
  --md=C:\Users\aleja\AppData\Local\Temp\xcAsfss.\driver_tmp_0.dat -E1 \
  -ver=XC8 Compiler --acfsm=1493 -ACODE=00h-0FFFFh -ACONST=00h-0FFFFh \
  -ASMALLCONST=01000h-010FFhx240 -AMEDIUMCONST=01000h-0FFFFh \
  -ACOMRAM=01h-05Fh -AABS1=00h-0F37h -ABIGRAM=01h-0F37h \
  -ARAM=060h-0FFh,0100h-01FFhx14,0F00h-0F37h -ABANK0=060h-0FFh \
  -ABANK1=0100h-01FFh -ABANK2=0200h-02FFh -ABANK3=0300h-03FFh \
  -ABANK4=0400h-04FFh -ABANK5=0500h-05FFh -ABANK6=0600h-06FFh \
  -ABANK7=0700h-07FFh -ABANK8=0800h-08FFh -ABANK9=0900h-09FFh \
  -ABANK10=0A00h-0AFFh -ABANK11=0B00h-0BFFh -ABANK12=0C00h-0CFFh \
  -ABANK13=0D00h-0DFFh -ABANK14=0E00h-0EFFh -ABANK15=0F00h-0F37h \
  -ASFR=0F38h-0F5Fh,0F60h-0FFFh -ABIGSFR=0F38h-0FFFh \
  -ACONFIG=0300000h-030000Dh -AIDLOC=0200000h-0200007h \
  -AEEDATA=0F00000h-0F003FFh -peeprom_data=EEDATA \
  -preset_vec=00h,intcode=8h,intcodelo=18h,powerup,init -pramtop=01000h \
  -psmallconst=SMALLCONST -pmediumconst=MEDIUMCONST -pconst=CONST \
  -AFARRAM=00h-00h \
  -prdata=COMRAM,nvrram=COMRAM,nvbit=COMRAM,rbss=COMRAM,rbit=COMRAM \
  -pfarbss=FARRAM,fardata=FARRAM,nvFARRAM=FARRAM \
  -pintsave_regs=BIGRAM,bigbss=BIGRAM,bigdata=BIGRAM -pbss=RAM \
  -pidata=CODE,irdata=CODE,ibigdata=CODE,ifardata=CODE -prparam=COMRAM \
  C:\Users\aleja\AppData\Local\Temp\xcAsfss.\driver_tmp_9.o \
  dist/default/production\Platform_Project.X.production.o 

Object code version is 3.11

Machine type is 18F46K22



                Name                               Link     Load   Length Selector   Space Scale
C:\Users\aleja\AppData\Local\Temp\xcAsfss.\driver_tmp_9.o
                config                           300000   300000        E        0       4
                init                                 26       26        4        C       0
                reset_vec                             0        0        4        0       0
dist/default/production\Platform_Project.X.production.o
                intcodelo                            18       18        E        C       0
                intcode                               8        8        6        4       0
                config                           300000   300000        E        0       4
                temp                                  B        B        1        1       1
                smallconst                         1000     1000       24      800       0
                text10                             124E     124E        C      812       0
                text9                              115C     115C       3C      812       0
                intcode_body                       1214     1214       16      812       0
                text6                              10C6     10C6       4E      812       0
                text5                              1198     1198       3A      812       0
                text4                              11F8     11F8       1C      812       0
                text3                              1024     1024       A2      812       0
                text2                              1114     1114       48      812       0
                text1                              11D2     11D2       26      812       0
                text0                              122A     122A       14      812       0
                cstackCOMRAM                          1        1        9        1       1
                bssCOMRAM                             A        A        1        1       1
                cinit                              123E     123E       10      812       0

TOTAL           Name                               Link     Load   Length     Space
        CLASS   CODE           
                intcodelo                            18       18        E         0
                intcode                               8        8        6         0
                init                                 26       26        4         0
                reset_vec                             0        0        4         0
                text10                             124E     124E        C         0
                text9                              115C     115C       3C         0
                intcode_body                       1214     1214       16         0
                text6                              10C6     10C6       4E         0
                text5                              1198     1198       3A         0
                text4                              11F8     11F8       1C         0
                text3                              1024     1024       A2         0
                text2                              1114     1114       48         0
                text1                              11D2     11D2       26         0
                text0                              122A     122A       14         0
                cinit                              123E     123E       10         0

        CLASS   CONST          

        CLASS   SMALLCONST     
                smallconst                         1000     1000       24         0

        CLASS   MEDIUMCONST    

        CLASS   COMRAM         
                temp                                  B        B        1         1
                cstackCOMRAM                          1        1        9         1
                bssCOMRAM                             A        A        1         1

        CLASS   ABS1           

        CLASS   BIGRAM         

        CLASS   RAM            

        CLASS   BANK0          

        CLASS   BANK1          

        CLASS   BANK2          

        CLASS   BANK3          

        CLASS   BANK4          

        CLASS   BANK5          

        CLASS   BANK6          

        CLASS   BANK7          

        CLASS   BANK8          

        CLASS   BANK9          

        CLASS   BANK10         

        CLASS   BANK11         

        CLASS   BANK12         

        CLASS   BANK13         

        CLASS   BANK14         

        CLASS   BANK15         

        CLASS   SFR            

        CLASS   BIGSFR         

        CLASS   CONFIG         
                config                           300000   300000        E         4

        CLASS   IDLOC          

        CLASS   EEDATA         

        CLASS   FARRAM         

        CLASS   HEAP           

        CLASS   STACK          



SEGMENTS        Name                           Load    Length   Top    Selector   Space  Class

                reset_vec                      000000  000004  000004         0       0  CODE    
                cstackCOMRAM                   000001  00000B  00000C         1       1  COMRAM  
                intcode                        000008  000006  00000E         4       0  CODE    
                intcodelo                      000018  000012  00002A         C       0  CODE    
                smallconst                     001000  000024  001024       800       0  SMALLCON
                text3                          001024  000236  00125A       812       0  CODE    


UNUSED ADDRESS RANGES

        Name                Unused          Largest block    Delta
        BANK0            000060-0000FF               A0
        BANK1            000100-0001FF              100
        BANK10           000A00-000AFF              100
        BANK11           000B00-000BFF              100
        BANK12           000C00-000CFF              100
        BANK13           000D00-000DFF              100
        BANK14           000E00-000EFF              100
        BANK15           000F00-000F37               38
        BANK2            000200-0002FF              100
        BANK3            000300-0003FF              100
        BANK4            000400-0004FF              100
        BANK5            000500-0005FF              100
        BANK6            000600-0006FF              100
        BANK7            000700-0007FF              100
        BANK8            000800-0008FF              100
        BANK9            000900-0009FF              100
        BIGRAM           00000C-000F37              F2C
        BIGSFR           000F38-000FFF               C8
        CODE             000004-000007                4
                         00000E-000017                A
                         00002A-000FFF              FD6
                         00125A-00FFFF             EDA6
        COMRAM           00000C-00005F               54
        CONST            000004-000007                4
                         00000E-000017                A
                         00002A-000FFF              FD6
                         00125A-00FFFF             EDA6
        EEDATA           F00000-F003FF              400
        IDLOC            200000-200007                8
        MEDIUMCONST      00125A-00FFFF             EDA6
        RAM              000060-000F37              100
        SFR              000F38-000FFF               28
        SMALLCONST       00125A-00FFFF              100

                                  Symbol Table

LCD_Instruction@Instruction       cstackCOMRAM 000004
Moving_Platform@Command           cstackCOMRAM 000001
Send_Instruction_Data@Data        cstackCOMRAM 000005
Send_Instruction_Data@Instruction cstackCOMRAM 000006
Send_String@String                cstackCOMRAM 000007
Send_String@i                     cstackCOMRAM 000009
_ANSELC                           (abs)        000F3A
_ANSELD                           (abs)        000F3B
_ANSELE                           (abs)        000F3C
_BAUDCON1bits                     (abs)        000FB8
_Configurations                   text6        0010C6
_INTCONbits                       (abs)        000FF2
_Init_LCD                         text3        001024
_Init_Message_Platform            text1        0011D2
_Interrupt                        intcodelo    000018
_Interrupt_Rx                     intcode      000008
_LATCbits                         (abs)        000F8B
_LATD                             (abs)        000F8C
_LATE                             (abs)        000F8D
_LATEbits                         (abs)        000F8D
_LCD_Instruction                  text5        001198
_Moving_Platform                  text10       00124E
_OSCCON                           (abs)        000FD3
_PIE1bits                         (abs)        000F9D
_PIR1bits                         (abs)        000F9E
_RCONbits                         (abs)        000FD0
_RCREG1                           (abs)        000FAE
_RCSTAbits                        (abs)        000FAB
_Receive_Interrupt                text9        00115C
_Rx_Buffer                        bssCOMRAM    00000A
_SPBRG                            (abs)        000FAF
_Send_Instruction_Data            text4        0011F8
_Send_String                      text2        001114
_TRISCbits                        (abs)        000F94
_TRISD                            (abs)        000F95
_TRISE                            (abs)        000F96
_TXSTA1bits                       (abs)        000FAC
__HRAM                            (abs)        000000
__H__absolute__                   __absolute__ 000000
__Habs1                           abs1         000000
__Hbank0                          bank0        000000
__Hbank1                          bank1        000000
__Hbank10                         bank10       000000
__Hbank11                         bank11       000000
__Hbank12                         bank12       000000
__Hbank13                         bank13       000000
__Hbank14                         bank14       000000
__Hbank15                         bank15       000000
__Hbank2                          bank2        000000
__Hbank3                          bank3        000000
__Hbank4                          bank4        000000
__Hbank5                          bank5        000000
__Hbank6                          bank6        000000
__Hbank7                          bank7        000000
__Hbank8                          bank8        000000
__Hbank9                          bank9        000000
__Hbigbss                         bigbss       000000
__Hbigdata                        bigdata      000000
__Hbigram                         bigram       000000
__Hbigsfr                         bigsfr       000000
__Hbss                            bss          000000
__HbssCOMRAM                      bssCOMRAM    000000
__Hcinit                          cinit        000000
__Hclrtext                        clrtext      000000
__Hcomram                         comram       000000
__Hconfig                         config       30000E
__Hconst                          const        000000
__HcstackCOMRAM                   cstackCOMRAM 000000
__Hdata                           data         000000
__Heeprom_data                    eeprom_data  000000
__Hfarbss                         farbss       000000
__Hfardata                        fardata      000000
__Hheap                           heap         000000
__Hibigdata                       ibigdata     000000
__Hidata                          idata        000000
__Hidloc                          idloc        000000
__Hifardata                       ifardata     000000
__Hinit                           init         00002A
__Hintcode                        intcode      00000E
__Hintcode_body                   intcode_body 000000
__Hintcodelo                      intcodelo    000026
__Hintentry                       intentry     000000
__Hintret                         intret       000000
__Hintsave_regs                   intsave_regs 000000
__Hirdata                         irdata       000000
__Hmediumconst                    mediumconst  000000
__HnvFARRAM                       nvFARRAM     000000
__Hnvbit                          nvbit        000000
__Hnvrram                         nvrram       000000
__Hparam                          rparam       000000
__Hpowerup                        powerup      000026
__Hram                            ram          000000
__Hramtop                         ramtop       001000
__Hrbit                           rbit         000000
__Hrbss                           rbss         000000
__Hrdata                          rdata        000000
__Hreset_vec                      reset_vec    000004
__Hrparam                         rparam       000000
__Hsfr                            sfr          000000
__Hsivt_hi                        sivt_hi      000000
__Hsivt_lo                        sivt_lo      000000
__Hsmallconst                     smallconst   001024
__Hspace_0                        (abs)        00125A
__Hspace_1                        (abs)        00000C
__Hspace_2                        (abs)        000000
__Hspace_4                        (abs)        60000E
__Hstack                          stack        000000
__Hstruct                         struct       000000
__Htemp                           temp         00000C
__Htext                           text         000000
__Htext0                          text0        000000
__Htext1                          text1        000000
__Htext10                         text10       000000
__Htext2                          text2        000000
__Htext3                          text3        000000
__Htext4                          text4        000000
__Htext5                          text5        000000
__Htext6                          text6        000000
__Htext9                          text9        000000
__LRAM                            (abs)        000001
__L__absolute__                   __absolute__ 000000
__Labs1                           abs1         000000
__Lbank0                          bank0        000000
__Lbank1                          bank1        000000
__Lbank10                         bank10       000000
__Lbank11                         bank11       000000
__Lbank12                         bank12       000000
__Lbank13                         bank13       000000
__Lbank14                         bank14       000000
__Lbank15                         bank15       000000
__Lbank2                          bank2        000000
__Lbank3                          bank3        000000
__Lbank4                          bank4        000000
__Lbank5                          bank5        000000
__Lbank6                          bank6        000000
__Lbank7                          bank7        000000
__Lbank8                          bank8        000000
__Lbank9                          bank9        000000
__Lbigbss                         bigbss       000000
__Lbigdata                        bigdata      000000
__Lbigram                         bigram       000000
__Lbigsfr                         bigsfr       000000
__Lbss                            bss          000000
__LbssCOMRAM                      bssCOMRAM    000000
__Lcinit                          cinit        000000
__Lclrtext                        clrtext      000000
__Lcomram                         comram       000000
__Lconfig                         config       000000
__Lconst                          const        000000
__LcstackCOMRAM                   cstackCOMRAM 000000
__Ldata                           data         000000
__Leeprom_data                    eeprom_data  000000
__Lfarbss                         farbss       000000
__Lfardata                        fardata      000000
__Lheap                           heap         000000
__Libigdata                       ibigdata     000000
__Lidata                          idata        000000
__Lidloc                          idloc        000000
__Lifardata                       ifardata     000000
__Linit                           init         000026
__Lintcode                        intcode      000008
__Lintcode_body                   intcode_body 000000
__Lintcodelo                      intcodelo    000018
__Lintentry                       intentry     000000
__Lintret                         intret       000000
__Lintsave_regs                   intsave_regs 000000
__Lirdata                         irdata       000000
__Lmediumconst                    mediumconst  000000
__LnvFARRAM                       nvFARRAM     000000
__Lnvbit                          nvbit        000000
__Lnvrram                         nvrram       000000
__Lparam                          rparam       000000
__Lpowerup                        powerup      000026
__Lram                            ram          000000
__Lramtop                         ramtop       001000
__Lrbit                           rbit         000000
__Lrbss                           rbss         000000
__Lrdata                          rdata        000000
__Lreset_vec                      reset_vec    000000
__Lrparam                         rparam       000000
__Lsfr                            sfr          000000
__Lsivt_hi                        sivt_hi      000000
__Lsivt_lo                        sivt_lo      000000
__Lsmallconst                     smallconst   001000
__Lspace_0                        (abs)        000000
__Lspace_1                        (abs)        000000
__Lspace_2                        (abs)        000000
__Lspace_4                        (abs)        000000
__Lstack                          stack        000000
__Lstruct                         struct       000000
__Ltemp                           temp         00000B
__Ltext                           text         000000
__Ltext0                          text0        000000
__Ltext1                          text1        000000
__Ltext10                         text10       000000
__Ltext2                          text2        000000
__Ltext3                          text3        000000
__Ltext4                          text4        000000
__Ltext5                          text5        000000
__Ltext6                          text6        000000
__Ltext9                          text9        000000
__S0                              (abs)        00125A
__S1                              (abs)        00000C
__S4                              (abs)        000000
__S5                              (abs)        000000
___heap_hi                        (abs)        000000
___heap_lo                        (abs)        000000
___inthi_sp                       stack        000000
___inthi_stack_hi                 stack        000000
___inthi_stack_lo                 stack        000000
___intlo_sp                       stack        000000
___intlo_stack_hi                 stack        000000
___intlo_stack_lo                 stack        000000
___param_bank                     (abs)        000000
___rparam_used                    (abs)        000001
___sp                             stack        000000
___stack_hi                       stack        000000
___stack_lo                       stack        000000
__accesstop                       (abs)        000060
__activetblptr                    (abs)        000002
__end_of_Configurations           text6        001114
__end_of_Init_LCD                 text3        0010C6
__end_of_Init_Message_Platform    text1        0011F8
__end_of_Interrupt                intcodelo    000026
__end_of_Interrupt_Rx             intcode_body 00122A
__end_of_LCD_Instruction          text5        0011D2
__end_of_Moving_Platform          text10       00125A
__end_of_Receive_Interrupt        text9        001198
__end_of_Send_Instruction_Data    text4        001214
__end_of_Send_String              text2        00115C
__end_of__initialization          cinit        001240
__end_of_main                     text0        00123E
__initialization                  cinit        00123E
__mediumconst                     mediumconst  000000
__pbssCOMRAM                      bssCOMRAM    00000A
__pcinit                          cinit        00123E
__pcstackCOMRAM                   cstackCOMRAM 000001
__pintcode                        intcode      000008
__pintcode_body                   intcode_body 001214
__pintcodelo                      intcodelo    000018
__psmallconst                     smallconst   001000
__ptext0                          text0        00122A
__ptext1                          text1        0011D2
__ptext10                         text10       00124E
__ptext2                          text2        001114
__ptext3                          text3        001024
__ptext4                          text4        0011F8
__ptext5                          text5        001198
__ptext6                          text6        0010C6
__ptext9                          text9        00115C
__ramtop                          ramtop       001000
__smallconst                      smallconst   001000
_main                             text0        00122A
btemp                             temp         00000B
end_of_initialization             cinit        001240
int$flags                         temp         00000B
int_func                          intcode_body 001214
intlevel0                         text         000000
intlevel1                         text         000000
intlevel2                         text         000000
intlevel3                         text         000000
isa$std                           (abs)        000001
isa$xinst                         (abs)        000000
stackhi                           (abs)        000000
stacklo                           (abs)        000000
start                             init         000026
start_initialization              cinit        00123E
ttemp5                            temp         00000C
ttemp6                            temp         00000F
ttemp7                            temp         000013
wtemp8                            temp         00000C


MODULE INFORMATION

Module		Function		Class		Link	Load	Size
shared
		__initialization		CODE           	123E	0000	2

shared estimated size: 2

main.c
		_Send_Instruction_Data		CODE           	11F8	0000	28
		_Send_String   		CODE           	1114	0000	72
		_Interrupt     		CODE           	0018	0000	14
		_Interrupt_Rx  		CODE           	0008	0000	28
		_Init_LCD      		CODE           	1024	0000	162
		_main          		CODE           	122A	0000	20
		_LCD_Instruction		CODE           	1198	0000	58
		_Receive_Interrupt		CODE           	115C	0000	60
		_Moving_Platform		CODE           	124E	0000	12
		_Init_Message_Platform		CODE           	11D2	0000	38
		_Configurations		CODE           	10C6	0000	78

main.c estimated size: 570

